 001  002 
 020  003 
 019  004 
 018  005 
 017  006 
 016  007 
 015  008 
 014  009 
 013  010 
 012  011 
