 001  002  003  004  005  006  007  008  009  010 
 020  019  018  017  016  015  014  013  012  011 
